
> frontend@0.1.0 test
> react-scripts test --watchAll=false --verbose

npm : FAIL src/routerdom.test.ts
At line:1 char:1
+ npm test -- --watchAll=false --verbose 2>&1 | tee test-output.txt
+ ~~~~~~~~~~~~~~~~~~~~~~~~~~~~~~~~~~~~~~~~~~~
    + CategoryInfo          : NotSpecified: (FAIL src/routerdom.test.ts:String) [], Re 
   moteException
    + FullyQualifiedErrorId : NativeCommandError
 
  ÔùÅ Test suite failed to run

    Cannot find module 'react-router-dom' from 'src/routerdom.test.ts'

    [0m[31m[1m>[22m[39m[90m 1 |[39m [36mimport[39m 
[32m'react-router-dom'[39m[33m;[39m
     [90m   |[39m [31m[1m^[22m[39m
     [90m 2 |[39m
     [90m 3 |[39m test([32m'react-router-dom is importable'[39m[33m,[39m () 
[33m=>[39m {
     [90m 4 |[39m   
expect([36mtrue[39m)[33m.[39mtoBe([36mtrue[39m)[33m;[39m[0m

      at Resolver.resolveModule 
(node_modules/react-scripts/node_modules/jest-resolve/build/resolver.js:324:11)
      at Object.require (src/routerdom.test.ts:1:1)

FAIL src/pages/__integration__.test.tsx
  ÔùÅ Test suite failed to run

    Cannot find module 'react-router-dom' from 'src/pages/__integration__.test.tsx'

    [0m [90m 1 |[39m [36mimport[39m [33mReact[39m [36mfrom[39m 
[32m'react'[39m[33m;[39m
     [90m 2 |[39m [36mimport[39m { render[33m,[39m screen[33m,[39m fireEvent } 
[36mfrom[39m [32m'@testing-library/react'[39m[33m;[39m
    [31m[1m>[22m[39m[90m 3 |[39m [36mimport[39m { [33mMemoryRouter[39m } 
[36mfrom[39m [32m'react-router-dom'[39m[33m;[39m
     [90m   |[39m [31m[1m^[22m[39m
     [90m 4 |[39m [36mimport[39m { [33mSelectedAssetProvider[39m } 
[36mfrom[39m [32m'../context/SelectedAssetContext'[39m[33m;[39m
     [90m 5 |[39m [36mimport[39m [33mDashboard[39m [36mfrom[39m 
[32m'./Dashboard'[39m[33m;[39m
     [90m 6 |[39m [36mimport[39m [33mTrade[39m [36mfrom[39m 
[32m'./Trade'[39m[33m;[39m[0m

      at Resolver.resolveModule 
(node_modules/react-scripts/node_modules/jest-resolve/build/resolver.js:324:11)
      at Object.require (src/pages/__integration__.test.tsx:3:1)

PASS src/components/trading/AssetSelector.test.tsx
  AssetSelector
    ÔêÜ renders options and updates context on change (107 ms)

  console.error
    Warning: An update to SelectedAssetProvider inside a test was not wrapped in act(...).
    
    When testing, code that causes React state updates should be wrapped into act(...):
    
    act(() => {
      /* fire events that update state */
    });
    /* assert on the output */
    
    This ensures that you're testing the behavior the user would see in the browser. Learn more at https://reactjs.org/link/wrap-tests-with-act
        at children (C:\Users\vp199\Documents\Projects\GitHub\AI-Trading-Agent\frontend\src\context\SelectedAssetContext.tsx:18:41)

    [0m [90m  8 |[39m     [33m<[39m[33mdiv[39m[33m>[39m
     [90m  9 |[39m       [33m<[39m[33mspan[39m data[33m-[39mtestid[33m=[39m[32m"symbol"[39m[33m>[39m{symbol}[33m<[39m[33m/[39m[33mspan[39m[33m>[39m
    [31m[1m>[22m[39m[90m 10 |[39m       [33m<[39m[33mbutton[39m onClick[33m=[39m{() [33m=>[39m setSymbol([32m'ETH/USD'[39m)}[33m>[39m[33mSet[39m [33mETH[39m[33m/[39m[33mUSD[39m[33m<[39m[33m/[39m[33mbutton[39m[33m>[39m
     [90m    |[39m                              [31m[1m^[22m[39m
     [90m 11 |[39m     [33m<[39m[33m/[39m[33mdiv[39m[33m>[39m
     [90m 12 |[39m   )[33m;[39m
     [90m 13 |[39m }[33m;[39m[0m

      at printWarning (node_modules/react-dom/cjs/react-dom.development.js:86:30)
      at error (node_modules/react-dom/cjs/react-dom.development.js:60:7)
      at warnIfUpdatesNotWrappedWithActDEV (node_modules/react-dom/cjs/react-dom.development.js:27628:9)
      at scheduleUpdateOnFiber (node_modules/react-dom/cjs/react-dom.development.js:25547:5)
      at dispatchSetState (node_modules/react-dom/cjs/react-dom.development.js:16708:7)
      at setSymbol (src/context/SelectedAssetContext.test.tsx:10:30)
      at HTMLUnknownElement.callCallback (node_modules/react-dom/cjs/react-dom.development.js:4164:14)
      at HTMLUnknownElement.callTheUserObjectsOperation (node_modules/jsdom/lib/jsdom/living/generated/EventListener.js:26:30)
      at innerInvokeEventListeners (node_modules/jsdom/lib/jsdom/living/events/EventTarget-impl.js:338:25)
      at invokeEventListeners (node_modules/jsdom/lib/jsdom/living/events/EventTarget-impl.js:274:3)
      at HTMLUnknownElementImpl._dispatch (node_modules/jsdom/lib/jsdom/living/events/EventTarget-impl.js:221:9)
      at HTMLUnknownElementImpl.dispatchEvent (node_modules/jsdom/lib/jsdom/living/events/EventTarget-impl.js:94:17)
      at HTMLUnknownElement.dispatchEvent (node_modules/jsdom/lib/jsdom/living/generated/EventTarget.js:231:34)
      at Object.invokeGuardedCallbackDev (node_modules/react-dom/cjs/react-dom.development.js:4213:16)
      at invokeGuardedCallback (node_modules/react-dom/cjs/react-dom.development.js:4277:31)
      at invokeGuardedCallbackAndCatchFirstError (node_modules/react-dom/cjs/react-dom.development.js:4291:25)
      at executeDispatch (node_modules/react-dom/cjs/react-dom.development.js:9041:3)
      at processDispatchQueueItemsInOrder (node_modules/react-dom/cjs/react-dom.development.js:9073:7)
      at processDispatchQueue (node_modules/react-dom/cjs/react-dom.development.js:9086:5)
      at dispatchEventsForPlugins (node_modules/react-dom/cjs/react-dom.development.js:9097:3)
      at node_modules/react-dom/cjs/react-dom.development.js:9288:12
      at batchedUpdates$1 (node_modules/react-dom/cjs/react-dom.development.js:26179:12)
      at batchedUpdates (node_modules/react-dom/cjs/react-dom.development.js:3991:12)
      at dispatchEventForPluginEventSystem (node_modules/react-dom/cjs/react-dom.development.js:9287:3)
      at dispatchEventWithEnableCapturePhaseSelectiveHydrationWithoutDiscreteEventReplay (node_modules/react-dom/cjs/react-dom.development.js:6465:5)
      at dispatchEvent (node_modules/react-dom/cjs/react-dom.development.js:6457:5)
      at dispatchDiscreteEvent (node_modules/react-dom/cjs/react-dom.development.js:6430:5)
      at HTMLDivElement.callTheUserObjectsOperation (node_modules/jsdom/lib/jsdom/living/generated/EventListener.js:26:30)
      at innerInvokeEventListeners (node_modules/jsdom/lib/jsdom/living/events/EventTarget-impl.js:338:25)
      at invokeEventListeners (node_modules/jsdom/lib/jsdom/living/events/EventTarget-impl.js:274:3)
      at HTMLButtonElementImpl._dispatch (node_modules/jsdom/lib/jsdom/living/events/EventTarget-impl.js:221:9)
      at fireAnEvent (node_modules/jsdom/lib/jsdom/living/helpers/events.js:18:36)
      at HTMLButtonElementImpl.click (node_modules/jsdom/lib/jsdom/living/nodes/HTMLElement-impl.js:79:5)
      at HTMLButtonElement.click (node_modules/jsdom/lib/jsdom/living/generated/HTMLElement.js:110:34)
      at Object.click (src/context/SelectedAssetContext.test.tsx:23:37)

FAIL src/context/SelectedAssetContext.test.tsx
  SelectedAssetContext
    ├ù provides default symbol and updates symbol (155 ms)

  ÔùÅ SelectedAssetContext ÔÇ║ provides default symbol and updates symbol

    expect(received).toBe(expected) // Object.is equality

    Expected: "ETH/USD"
    Received: "BTC/USD"

    [0m [90m 22 |[39m     expect(screen[33m.[39mgetByTestId([32m'symbol'[39m)[3
3m.[39mtextContent)[33m.[39mtoBe([32m'BTC/USD'[39m)[33m;[39m
     [90m 23 |[39m     screen[33m.[39mgetByText([32m'Set 
ETH/USD'[39m)[33m.[39mclick()[33m;[39m
    [31m[1m>[22m[39m[90m 24 |[39m     expect(screen[33m.[39mgetByTestId([32m's
ymbol'[39m)[33m.[39mtextContent)[33m.[39mtoBe([32m'ETH/USD'[39m)[33m;[39m
     [90m    |[39m                                                      
[31m[1m^[22m[39m
     [90m 25 |[39m   })[33m;[39m
     [90m 26 |[39m })[33m;[39m
     [90m 27 |[39m[0m

      at Object.toBe (src/context/SelectedAssetContext.test.tsx:24:54)

Test Suites: 3 failed, 1 passed, 4 total
Tests:       1 failed, 1 passed, 2 total
Snapshots:   0 total
Time:        2.994 s
Ran all test suites.
